2026-10-02 07:39:02,508 - DEBUG - Using selector: EpollSelector
2026-10-02 07:39:02,508 - INFO - Starting config+proxy collection process
2026-10-02 07:39:02,508 - INFO - Loaded 3 channels from telegram_channels.json
2026-10-02 07:39:02,509 - INFO - Connecting to 149.154.167.91:443/TcpFull...
2026-10-02 07:39:02,509 - DEBUG - Connection attempt 1...
2026-10-02 07:39:02,668 - DEBUG - Connection success!
2026-10-02 07:39:02,668 - DEBUG - Starting send loop
2026-10-02 07:39:02,668 - DEBUG - Starting receive loop
2026-10-02 07:39:02,668 - INFO - Connection to 149.154.167.91:443/TcpFull complete!
2026-10-02 07:39:02,668 - DEBUG - Waiting for messages to send...
2026-10-02 07:39:02,668 - DEBUG - Assigned msg_id = 7691971789096047808 to InvokeWithLayerRequest (7fb79b67cf70)
2026-10-02 07:39:02,668 - DEBUG - Encrypting 1 message(s) in 80 bytes for sending
2026-10-02 07:39:02,668 - DEBUG - Encrypted messages put in a queue to be sent
2026-10-02 07:39:02,668 - DEBUG - Waiting for messages to send...
2026-10-02 07:39:02,668 - DEBUG - Receiving items from the network...
2026-10-02 07:39:02,829 - DEBUG - Handling bad salt for message 7691971789096047808
2026-10-02 07:39:02,829 - DEBUG - 1 message(s) will be resent
2026-10-02 07:39:02,829 - DEBUG - Receiving items from the network...
2026-10-02 07:39:02,829 - DEBUG - Assigned msg_id = 7691971789739122796 to InvokeWithLayerRequest (7fb79b67cf70)
2026-10-02 07:39:02,829 - DEBUG - Encrypting 1 message(s) in 80 bytes for sending
2026-10-02 07:39:02,829 - DEBUG - Encrypted messages put in a queue to be sent
2026-10-02 07:39:02,829 - DEBUG - Waiting for messages to send...
2026-10-02 07:39:02,829 - DEBUG - Assigned msg_id = 7691971789740440776 to MsgsAck (7fb79b737ca0)
2026-10-02 07:39:02,829 - DEBUG - Encrypting 1 message(s) in 36 bytes for sending
2026-10-02 07:39:02,829 - DEBUG - Encrypted messages put in a queue to be sent
2026-10-02 07:39:02,829 - DEBUG - Waiting for messages to send...
2026-10-02 07:39:02,989 - DEBUG - Handling container
2026-10-02 07:39:02,989 - DEBUG - Handling new session created
2026-10-02 07:39:02,989 - DEBUG - Handling acknowledge for [7691971789739122796]
2026-10-02 07:39:02,989 - DEBUG - Receiving items from the network...
2026-10-02 07:39:03,001 - DEBUG - Handling RPC result for message 7691971789739122796
2026-10-02 07:39:03,001 - DEBUG - Receiving items from the network...
2026-10-02 07:39:03,001 - DEBUG - Assigned msg_id = 7691971790723354392 to GetUsersRequest (7fb79b67e200)
2026-10-02 07:39:03,001 - DEBUG - Encrypting 1 message(s) in 32 bytes for sending
2026-10-02 07:39:03,001 - DEBUG - Encrypted messages put in a queue to be sent
2026-10-02 07:39:03,001 - DEBUG - Waiting for messages to send...
2026-10-02 07:39:03,001 - DEBUG - Assigned msg_id = 7691971790724397712 to MsgsAck (7fb79b67e4a0)
2026-10-02 07:39:03,001 - DEBUG - Encrypting 1 message(s) in 60 bytes for sending
2026-10-02 07:39:03,002 - DEBUG - Encrypted messages put in a queue to be sent
2026-10-02 07:39:03,002 - DEBUG - Waiting for messages to send...
2026-10-02 07:39:03,223 - DEBUG - Handling RPC result for message 7691971790723354392
2026-10-02 07:39:03,223 - DEBUG - Receiving items from the network...
2026-10-02 07:39:03,223 - DEBUG - Assigned msg_id = 7691971791612000516 to MsgsAck (7fb79b67e290)
2026-10-02 07:39:03,223 - DEBUG - Encrypting 1 message(s) in 36 bytes for sending
2026-10-02 07:39:03,223 - DEBUG - Encrypted messages put in a queue to be sent
2026-10-02 07:39:03,224 - DEBUG - Waiting for messages to send...
2026-10-02 07:39:03,224 - DEBUG - Assigned msg_id = 7691971791612940840 to MsgsAck (7fb79b67de40)
2026-10-02 07:39:03,224 - DEBUG - Encrypting 1 message(s) in 36 bytes for sending
2026-10-02 07:39:03,224 - DEBUG - Encrypted messages put in a queue to be sent
2026-10-02 07:39:03,224 - DEBUG - Waiting for messages to send...
2026-10-02 07:39:03,224 - DEBUG - Assigned msg_id = 7691971791614865356 to GetUsersRequest (7fb79b67e0e0)
2026-10-02 07:39:03,224 - DEBUG - Encrypting 1 message(s) in 32 bytes for sending
2026-10-02 07:39:03,224 - DEBUG - Encrypted messages put in a queue to be sent
2026-10-02 07:39:03,224 - DEBUG - Waiting for messages to send...
2026-10-02 07:39:03,402 - DEBUG - Handling RPC result for message 7691971791614865356
2026-10-02 07:39:03,402 - DEBUG - Receiving items from the network...
2026-10-02 07:39:03,402 - DEBUG - Assigned msg_id = 7691971792328388264 to MsgsAck (7fb79b67e3e0)
2026-10-02 07:39:03,402 - DEBUG - Encrypting 1 message(s) in 36 bytes for sending
2026-10-02 07:39:03,403 - DEBUG - Encrypted messages put in a queue to be sent
2026-10-02 07:39:03,403 - DEBUG - Waiting for messages to send...
2026-10-02 07:39:03,403 - DEBUG - Assigned msg_id = 7691971792329352428 to MsgsAck (7fb79b67e050)
2026-10-02 07:39:03,403 - DEBUG - Encrypting 1 message(s) in 36 bytes for sending
2026-10-02 07:39:03,403 - ERROR - Error in main loop: EOF when reading a line
